
> web-app@0.1.0 build
> next build

Γû▓ Next.js 16.1.6 (Turbopack)
- Environments: .env.local

  Creating an optimized production build ...
Γ£ô Compiled successfully in 19.9s
  Running TypeScript ...
  Collecting page data using 3 workers ...
  Generating static pages using 3 workers (0/67) ...
node.exe : Error in getEvents: Error: 
Dynamic server usage: Route 
/campaign/events couldn't be rendered 
statically because it used `cookies`. 
See more info here: https://nextjs.org
/docs/messages/dynamic-server-error
At line:1 char:1
+ & "C:\Program 
Files\nodejs/node.exe" "C:\Program 
Files\nodejs/node_mo ...
+ ~~~~~~~~~~~~~~~~~~~~~~~~~~~~~~~~~~~~
~~~~~~~~~~~~~~~~~~~~~~~~~~~~~~~~~
    + CategoryInfo          : NotSpec 
   ified: (Error in getEve...ic-serv  
  er-error:String) [], RemoteExcept   
 ion
    + FullyQualifiedErrorId : NativeC 
   ommandError
 
    at n (C:\Political Intelligence\.n
ext\server\chunks\ssr\_8a6f7438._.js:1
:16535)
    at q (C:\Political Intelligence\.n
ext\server\chunks\ssr\_8a6f7438._.js:1
9:70)
    at e (C:\Political Intelligence\.n
ext\server\chunks\ssr\_dfca0c07._.js:2
:405)
    at e (C:\Political Intelligence\.n
ext\server\chunks\ssr\[root-of-the-ser
ver]__4853d4af._.js:1:1453)
    at stringify (<anonymous>) {
  description: "Route 
/campaign/events couldn't be rendered 
statically because it used `cookies`. 
See more info here: https://nextjs.org
/docs/messages/dynamic-server-error",
  digest: 'DYNAMIC_SERVER_USAGE'
}
  Generating static pages using 3 workers (16/67) 
  Generating static pages using 3 workers (33/67) 
  Generating static pages using 3 workers (50/67) 
The width(-1) and height(-1) of chart 
should be greater than 0,
       please check the style of 
container, or the props width(100%) 
and height(100%),
       or add a minWidth(0) or 
minHeight(undefined) or use 
aspect(undefined) to control the
       height and width.
Γ£ô Generating static pages using 3 workers (67/67) in 2.6s
  Finalizing page optimization ...

Route (app)
Γöî Γùï /
Γö£ Γùï /_not-found
Γö£ ╞Æ /admin
Γö£ ╞Æ /admin/petitions
Γö£ ╞Æ /admin/users
Γö£ ╞Æ /api/parliament/news
Γö£ ╞Æ /api/parliament/read
Γö£ ╞Æ /api/payments/callback
Γö£ ╞Æ /api/rss
Γö£ Γùï /auditor
Γö£ ╞Æ /auditor/[reportId]
Γö£ Γùï /auth
Γö£ Γùï /auth/complete-profile
Γö£ Γùï /auth/signin
Γö£ ╞Æ /auth/signup/[role]
Γö£ ╞Æ /campaign
Γö£ ╞Æ /campaign/ads
Γö£ ╞Æ /campaign/analytics
Γö£ ╞Æ /campaign/commitments
Γö£ ╞Æ /campaign/content
Γö£ ╞Æ /campaign/events
Γö£ ╞Æ /campaign/finance
Γö£ ╞Æ /campaign/manifesto
Γö£ ╞Æ /campaign/manifesto/builder
Γö£ ╞Æ /campaign/profile
Γö£ ╞Æ /campaign/publish
Γö£ ╞Æ /campaign/subscription
Γö£ ╞Æ /campaign/team
Γö£ ╞Æ /campaign/voters
Γö£ Γùï /community
Γö£ Γùï /constitution
Γö£ ╞Æ /constitution/[chapterId]
Γö£ Γùï /creators
Γö£ ╞Æ /creators/[creatorId]
Γö£ ╞Æ /crowdfunding
Γö£ Γùï /iebc
Γö£ Γùï /jobs
Γö£ Γùï /leaderboard
Γö£ Γùï /learn
Γö£ ╞Æ /learn/[pathId]
Γö£ ╞Æ /learn/[pathId]/[moduleId]
Γö£ Γùï /learn/simulators/ballot
Γö£ Γùï /learn/simulators/budget
Γö£ Γùï /live
Γö£ ╞Æ /marketplace
Γö£ ╞Æ /marketplace/[id]
Γö£ ╞Æ /marketplace/business
Γö£ ╞Æ /marketplace/business/products
Γö£ ╞Æ /marketplace/business/wallet
Γö£ Γùï /marketplace/cart
Γö£ Γùï /marketplace/checkout
Γö£ Γùï /opengraph-image.png
Γö£ Γùï /parliament
Γö£ ╞Æ /parliament/bills/[billId]
Γö£ Γùï /participate
Γö£ Γùï /parties
Γö£ ╞Æ /parties/[id]
Γö£ Γùï /policies
Γö£ ╞Æ /policies/[policyId]
Γö£ Γùï /policy-ideas
Γö£ ╞Æ /profile
Γö£ Γùï /representatives
Γö£ ╞Æ /representatives/[politicianId]
Γö£ ╞Æ /representatives/county/[countyId]
Γö£ Γùï /representatives/create-campaign
Γö£ Γùï /robots.txt
Γö£ Γùï /shorts
Γö£ Γùï /sitemap.xml
Γö£ Γùï /societies
Γö£ Γùï /studio
Γö£ Γùï /studio/upload
Γö£ Γùï /tallying
Γö£ Γùï /test-extensions
Γö£ Γùï /tracker
Γö£ Γùï /transparency
Γö£ Γùï /trending
Γö£ Γùï /youth
Γöö ╞Æ /youth/issues/[issueId]


╞Æ Proxy (Middleware)

Γùï  (Static)   prerendered as static content
╞Æ  (Dynamic)  server-rendered on demand

